root@NetworkAutomation-1:~/paramiko# python paramiko-test-case.py 
('Successful connection to', '192.168.122.242')
Creating Vlan2
Creating Vlan3
Creating Vlan4
Creating Vlan5
Creating Vlan6
Creating Vlan7
Creating Vlan8
Creating Vlan9
Creating Vlan10
Creating Vlan11
Creating Vlan12
Creating Vlan13
Creating Vlan14
Creating Vlan15
Creating Vlan16
Creating Vlan17
Creating Vlan18
Creating Vlan19

**************************************************************************
* IOSv is strictly limited to use for evaluation, demonstration and IOS  *
* education. IOSv is provided as-is and is not supported by Cisco's      *
* Technical Advisory Center. Any use or disclosure, in whole or in part, *
* of the IOSv Software or Documentation to any third party for any       *
* purposes is expressly prohibited except as otherwise authorized by     *
* Cisco in writing.                                                      *
**************************************************************************S1#conf t
Enter configuration commands, one per line.  End with CNTL/Z.
S1(config)#int loop 0
S1(config-if)#ip address 1.1.1.1 255.255.255.255
S1(config-if)#router ospf 1
S1(config-router)#network 0.0.0.0 255.255.255.255 area 0
S1(config-router)#vlan 2
S1(config-vlan)#name Python_VLAN_2
S1(config-vlan)#vlan 3
S1(config-vlan)#name Python_VLAN_3
S1(config-vlan)#vlan 4
S1(config-vlan)#name Python_VLAN_4
S1(config-vlan)#vlan 5
S1(config-vlan)#name Python_VLAN_5
S1(config-vlan)#vlan 6
S1(config-vlan)#name Python_VLAN_6
S1(config-vlan)#vlan 7
S1(config-vlan)#name Python_VLAN_7
S1(config-vlan)#vlan 8
S1(config-vlan)#name Python_VLAN_8
S1(config-vlan)#vlan 9
S1(config-vlan)#name Python_VLAN_9
S1(config-vlan)#vlan 10
S1(config-vlan)#name Python_VLAN_10
S1(config-vlan)#vlan 11
S1(config-vlan)#name Python_VLAN_11
S1(config-vlan)#vlan 12
S1(config-vlan)#name Python_VLAN_12
S1(config-vlan)#vlan 13
S1(config-vlan)#name Python_VLAN_13
S1(config-vlan)#vlan 14
S1(config-vlan)#name Python_VLAN_14
S1(config-vlan)#vlan 15
S1(config-vlan)#name Python_VLAN_15
S1(config-vlan)#vlan 16
S1(config-vlan)#name Python_VLAN_16
S1(config-vlan)#vlan 17
S1(config-vlan)#name Python_VLAN_17
S1(config-vlan)#vlan 18

root@NetworkAutomation-1:~/paramiko# 







On Switch:
S1#sh ip int br
Interface              IP-Address      OK? Method Status                Protocol
GigabitEthernet0/0     unassigned      YES unset  up                    up      
GigabitEthernet0/1     unassigned      YES unset  up                    up      
GigabitEthernet0/2     unassigned      YES unset  up                    up      
GigabitEthernet0/3     unassigned      YES unset  up                    up      
GigabitEthernet1/0     unassigned      YES unset  up                    up      
GigabitEthernet1/1     unassigned      YES unset  up                    up      
GigabitEthernet1/2     unassigned      YES unset  up                    up      
GigabitEthernet1/3     unassigned      YES unset  up                    up      
GigabitEthernet2/0     unassigned      YES unset  up                    up      
GigabitEthernet2/1     unassigned      YES unset  up                    up      
GigabitEthernet2/2     unassigned      YES unset  up                    up      
GigabitEthernet2/3     unassigned      YES unset  up                    up      
GigabitEthernet3/0     unassigned      YES unset  up                    up      
GigabitEthernet3/1     unassigned      YES unset  up                    up      
GigabitEthernet3/2     unassigned      YES unset  up                    up      
GigabitEthernet3/3     unassigned      YES unset  up                    up      
Vlan1                  192.168.122.242 YES NVRAM  up                    up      
S1#
S1#sh ip protocols
*** IP Routing is NSF aware ***

Routing Protocol is "application"
  Sending updates every 0 seconds
  Invalid after 0 seconds, hold down 0, flushed after 0
  Outgoing update filter list for all interfaces is not set
  Incoming update filter list for all interfaces is not set
  Maximum path: 32
  Routing for Networks:
  Routing Information Sources:
    Gateway         Distance      Last Update
  Distance: (default is 4)

S1#
S1#sh vlan br

VLAN Name                             Status    Ports
---- -------------------------------- --------- -------------------------------
1    default                          active    Gi0/0, Gi0/1, Gi0/2, Gi0/3
                                                Gi1/0, Gi1/1, Gi1/2, Gi1/3
                                                Gi2/0, Gi2/1, Gi2/2, Gi2/3
                                                Gi3/0, Gi3/1, Gi3/2, Gi3/3
1002 fddi-default                     act/unsup 
1003 token-ring-default               act/unsup 
1004 fddinet-default                  act/unsup 
1005 trnet-default                    act/unsup 
S1#
S1#
S1#
S1#
S1#
S1#
*Feb 25 23:48:47.978: %LINK-3-UPDOWN: Interface Loopback0, changed state to up
*Feb 25 23:48:48.985: %LINEPROTO-5-UPDOWN: Line protocol on Interface Loopback0, changed state to up
S1#
*Feb 25 23:48:49.282: %OSPF-5-ADJCHG: Process 1, Nbr 2.2.2.2 on Vlan1 from LOADING to FULL, Loading Done
S1#
*Feb 25 23:49:13.605: %SYS-5-CONFIG_I: Configured from console by upawar on vty0 (192.168.122.111)
S1#
S1#
S1#
S1#sh ip int br
Interface              IP-Address      OK? Method Status                Protocol
GigabitEthernet0/0     unassigned      YES unset  up                    up      
GigabitEthernet0/1     unassigned      YES unset  up                    up      
GigabitEthernet0/2     unassigned      YES unset  up                    up      
GigabitEthernet0/3     unassigned      YES unset  up                    up      
GigabitEthernet1/0     unassigned      YES unset  up                    up      
GigabitEthernet1/1     unassigned      YES unset  up                    up      
GigabitEthernet1/2     unassigned      YES unset  up                    up      
GigabitEthernet1/3     unassigned      YES unset  up                    up      
GigabitEthernet2/0     unassigned      YES unset  up                    up      
GigabitEthernet2/1     unassigned      YES unset  up                    up      
GigabitEthernet2/2     unassigned      YES unset  up                    up      
GigabitEthernet2/3     unassigned      YES unset  up                    up      
GigabitEthernet3/0     unassigned      YES unset  up                    up      
GigabitEthernet3/1     unassigned      YES unset  up                    up      
GigabitEthernet3/2     unassigned      YES unset  up                    up      
GigabitEthernet3/3     unassigned      YES unset  up                    up      
Loopback0              1.1.1.1         YES manual up                    up      
Vlan1                  192.168.122.242 YES NVRAM  up                    up      
S1#
S1#sh ip protocols
*** IP Routing is NSF aware ***

Routing Protocol is "application"
  Sending updates every 0 seconds
  Invalid after 0 seconds, hold down 0, flushed after 0
  Outgoing update filter list for all interfaces is not set
  Incoming update filter list for all interfaces is not set
  Maximum path: 32
  Routing for Networks:
  Routing Information Sources:
    Gateway         Distance      Last Update
  Distance: (default is 4)

Routing Protocol is "ospf 1"
  Outgoing update filter list for all interfaces is not set
  Incoming update filter list for all interfaces is not set
  Router ID 1.1.1.1
  Number of areas in this router is 1. 1 normal 0 stub 0 nssa
  Maximum path: 4
  Routing for Networks:
    0.0.0.0 255.255.255.255 area 0
  Routing Information Sources:
    Gateway         Distance      Last Update
    2.2.2.2              110      00:00:44
  Distance: (default is 110)

S1#
S1#sh vlan br

VLAN Name                             Status    Ports
---- -------------------------------- --------- -------------------------------
1    default                          active    Gi0/0, Gi0/1, Gi0/2, Gi0/3
                                                Gi1/0, Gi1/1, Gi1/2, Gi1/3
                                                Gi2/0, Gi2/1, Gi2/2, Gi2/3
                                                Gi3/0, Gi3/1, Gi3/2, Gi3/3
2    Python_VLAN_2                    active    
3    Python_VLAN_3                    active    
4    Python_VLAN_4                    active    
5    Python_VLAN_5                    active    
6    Python_VLAN_6                    active    
7    Python_VLAN_7                    active    
8    Python_VLAN_8                    active    
9    Python_VLAN_9                    active    
10   Python_VLAN_10                   active    
11   Python_VLAN_11                   active    
12   Python_VLAN_12                   active    
13   Python_VLAN_13                   active    
14   Python_VLAN_14                   active    
15   Python_VLAN_15                   active    
16   Python_VLAN_16                   active    
17   Python_VLAN_17                   active    
18   VLAN0018                         active    
1002 fddi-default                     act/unsup 
1003 token-ring-default               act/unsup 
1004 fddinet-default                  act/unsup 
1005 trnet-default                    act/unsup 
S1#
S1#
S1#

